[www.solwaveenterprises.com/index.html]
[www.solwaveenterprises.com/css/app.minabaa.css]
[www.solwaveenterprises.com/WhatsApp_Image_2025-07-19_at_12.21.57_PM-removebg-preview.png]
[cdn.jsdelivr.net/npm/bootstrap@5.3.7/dist/css/bootstrap.min.css]
[backblue.gif]
[fade.gif]
[index.html]
[cdn.jsdelivr.net/npm/bootstrap@5.3.7/dist/js/bootstrap.bundle.min.js]
[cdn.moengage.com/release/dc_3/versions/2/moe_webSdk_webp.min.latest8ed5.js]
[dynamic.criteo.com/js/ld/lddfa3.js]
[cdn.jsdelivr.net/npm/bootstrap@5.3.0/dist/css/bootstrap.min.css]
[www.solwaveenterprises.com/WhatsApp_Image_2025-07-19_at_12.21.57_PM-removebg-preview (1).png]
[www.solwaveenterprises.com/index-2.html]
[www.solwaveenterprises.com/about.html]
[www.solwaveenterprises.com/chakra.html]
[www.solwaveenterprises.com/behra.html]
[www.solwaveenterprises.com/binda.html]
[www.solwaveenterprises.com/blogs.html]
[www.solwaveenterprises.com/gallery.html]
[www.solwaveenterprises.com/contact.html]
[www.solwaveenterprises.com/enquiry.html]
[cdn.jsdelivr.net/npm/bootstrap@5.3.0/dist/js/bootstrap.bundle.min.js]
[www.solwaveenterprises.com/Add a subheading (23).png]
[www.solwaveenterprises.com/Add a subheading (24).png]
[www.solwaveenterprises.com/Add a subheading (26).png]
[www.solwaveenterprises.com/IMG-20250714-WA0004.jpg]
[www.solwaveenterprises.com/jjm.html]
[www.solwaveenterprises.com/commercial.html]
[www.solwaveenterprises.com/WhatsApp Image 2025-07-19 at 12.47.05 PM.jpg]
[www.solwaveenterprises.com/WhatsApp Image 2025-07-19 at 12.45.23 PM (1).jpg]
[www.solwaveenterprises.com/WhatsApp Image 2025-07-19 at 12.45.25 PM.jpg]
[cdn.jsdelivr.net/npm/bootstrap@5.3.2/dist/css/bootstrap.min.css]
[cdnjs.cloudflare.com/ajax/libs/font-awesome/6.5.0/css/all.min.css]
[www.seci.co.in/frontend/assets/images/count-section.jpg]
[cdn.jsdelivr.net/npm/bootstrap@5.3.2/dist/js/bootstrap.bundle.min.js]
[www.solwaveenterprises.com/WhatsApp Video 2025-07-28 at 1.41.36 PM.mp4]
[www.solwaveenterprises.com/WhatsApp Video 2025-09-06 at 11.41.54 AM.mp4]
[www.solwaveenterprises.com/WhatsApp Video 2025-07-28 at 1.41.38 PM.mp4]
[solwaveenterprises.com/ChatGPT Image Jul 28, 2025, 06_03_16 PM.png]
[sse-website.s3.ap-south-1.amazonaws.com/homes/Gujarat.png]
[sse-website.s3.ap-south-1.amazonaws.com/homes/Maharashtra.png]
[sse-website.s3.ap-south-1.amazonaws.com/homes/MP.png]
[sse-website.s3.ap-south-1.amazonaws.com/homes/Rajasthan.png]
[sse-website.s3.ap-south-1.amazonaws.com/homes/UP.png]
[sse-website.s3.ap-south-1.amazonaws.com/homes/Others.png]
[www.solwaveenterprises.com/WhatsApp Image 2025-07-19 at 1.37.56 PM.jpg]
[www.solwaveenterprises.com/WhatsApp Image 2025-07-19 at 1.38.00 PM.jpg]
[www.solwaveenterprises.com/WhatsApp Image 2025-07-19 at 1.38.01 PM (1).jpg]
[www.solwaveenterprises.com/WhatsApp Image 2025-07-19 at 1.38.01 PM.jpg]
[www.solwaveenterprises.com/WhatsApp Image 2025-07-19 at 1.38.04 PM.jpg]
[www.solwaveenterprises.com/WhatsApp Image 2025-09-06 at 9.02.11 AM.jpg]
[sse-website.s3.ap-south-1.amazonaws.com/homes/Techcrunchtc.png]
[sse-website.s3.ap-south-1.amazonaws.com/homes/economic+timeseco-times-1.png]
[sse-website.s3.ap-south-1.amazonaws.com/homes/money_control.png]
[sse-website.s3.ap-south-1.amazonaws.com/homes/yourstiry.png]
[www.solwaveenterprises.com/cdn-cgi/l/email-protection]
[www.solwaveenterprises.com/chekra.php]
[www.solwaveenterprises.com/cdn-cgi/scripts/5c5dd728/cloudflare-static/email-decode.min.js]
[www.solwaveenterprises.com/js/app.min113f.js]
[www.solwaveenterprises.com/js/slick.min5704.js]
[www.solwaveenterprises.com/footer-locations-href.3a.delayed]
[www.solwaveenterprises.com/index.html]
[www.solwaveenterprises.com/fonts/vendor/slick-carousel/slick/slick9d00.eot]
[www.solwaveenterprises.com/fonts/vendor/slick-carousel/slick/slick3581.eot]
[www.solwaveenterprises.com/fonts/vendor/slick-carousel/slick/slick0f79.woff]
[www.solwaveenterprises.com/fonts/vendor/slick-carousel/slick/slick2198.ttf]
[www.solwaveenterprises.com/fonts/vendor/slick-carousel/slick/slickb1d0.svg]
[www.solwaveenterprises.com/fonts/Poppins-Boldcac9.woff2]
[www.solwaveenterprises.com/fonts/Poppins-Regular2402.woff2]
[www.solwaveenterprises.com/fonts/Poppins-SemiBold58d9.woff2]
[www.solwaveenterprises.com/fonts/Poppins-ExtraBold7b04.woff2]
[www.solwaveenterprises.com/fonts/Poppins-Mediumebe7.woff2]
[www.solwaveenterprises.com/fonts/Poppins-Thin8d82.woff2]
[www.solwaveenterprises.com/fonts/Poppins-Lightd41e.ttf]
[www.solwaveenterprises.com/fonts/vendor/font-awesome/fontawesome-webfont6565.eot]
[www.solwaveenterprises.com/fonts/vendor/font-awesome/fontawesome-webfontba15.eot]
[www.solwaveenterprises.com/fonts/vendor/font-awesome/fontawesome-webfont5597.woff2]
[www.solwaveenterprises.com/fonts/vendor/font-awesome/fontawesome-webfont1a32.woff]
[www.solwaveenterprises.com/fonts/vendor/font-awesome/fontawesome-webfont7cab.ttf]
[www.solwaveenterprises.com/fonts/vendor/font-awesome/fontawesome-webfonta45a.svg]
[www.solwaveenterprises.com/banner1.jpg]
[www.solwaveenterprises.com/1000066024.jpg]
[www.solwaveenterprises.com/1000066025.jpg]
[sse-website.s3.ap-south-1.amazonaws.com/home-page/Category-commer.jpg]
[sse-website.s3.ap-south-1.amazonaws.com/homes/slider-1.jpg]
[sse-website.s3.ap-south-1.amazonaws.com/homes/slider-2.jpg]
[sse-website.s3.ap-south-1.amazonaws.com/homes/slider-3.jpg]
[sse-website.s3.ap-south-1.amazonaws.com/homes/slider-4.jpg]
[sse-website.s3.ap-south-1.amazonaws.com/homes/parallax.jpg]
[sse-website.s3.ap-south-1.amazonaws.com/homes/mobile/Slider-1.jpg]
[sse-website.s3.ap-south-1.amazonaws.com/homes/mobile/slider-2.jpg]
[sse-website.s3.ap-south-1.amazonaws.com/homes/mobile/slider-3.jpg]
[sse-website.s3.ap-south-1.amazonaws.com/homes/mobile/slider-4.jpg]
[sse-website.s3.ap-south-1.amazonaws.com/know-more/Hero-Image.jpg]
[sse-website.s3.ap-south-1.amazonaws.com/know-more/mobile/Hero-image.jpg]
[sse-website.s3.ap-south-1.amazonaws.com/housing-society/Housing-quote-bg.jpg]
[sse-website.s3.ap-south-1.amazonaws.com/housing-society/Gauranteed+performance.png]
[www.solwaveenterprises.com/images/solar-journey-1855c.png]
[www.solwaveenterprises.com/images/solar-journey-2b1ad.png]
[www.solwaveenterprises.com/images/housing-society-banner386a.png]
[www.solwaveenterprises.com/images/housing-quote-bg2271.jpg]
[sse-website.s3.ap-south-1.amazonaws.com/housing-society/hassel-free-1.png]
[sse-website.s3.ap-south-1.amazonaws.com/housing-society/hs-leak-proof-1.png]
[sse-website.s3.ap-south-1.amazonaws.com/housing-society/hs-leak-proof-2.png]
[sse-website.s3.ap-south-1.amazonaws.com/housing-society/hs-leak-proof-3.png]
[sse-website.s3.ap-south-1.amazonaws.com/commercial/commercial-banner.png]
[sse-website.s3.ap-south-1.amazonaws.com/commercial/parralx+back+dektop.png]
[sse-website.s3.ap-south-1.amazonaws.com/commercial/hassle-free-new-1.png]
[sse-website.s3.ap-south-1.amazonaws.com/commercial/hassle-free-new-2.png]
[sse-website.s3.ap-south-1.amazonaws.com/commercial/parralx+back+Mobile.png]
[sse-website.s3.ap-south-1.amazonaws.com/home-page/Hero-Image.jpg]
[sse-website.s3.ap-south-1.amazonaws.com/about-us/about-us-1.png]
[sse-website.s3.ap-south-1.amazonaws.com/about-us/about-us-2.png]
[sse-website.s3.ap-south-1.amazonaws.com/about-us/about-us-3.png]
[sse-website.s3.ap-south-1.amazonaws.com/about-us/about-us-4.png]
[sse-website.s3.ap-south-1.amazonaws.com/about-us/about-us-5.png]
[sse-website.s3.ap-south-1.amazonaws.com/about-us/about-us-6.png]
[www.solwaveenterprises.com/css/app.minabaa.css]
[cdn.jsdelivr.net/npm/bootstrap@5.3.7/dist/css/bootstrap.min.css]
[www.googletagmanager.com/gtm5445.html]
[cdn.jsdelivr.net/npm/bootstrap@5.3.0/dist/css/bootstrap.min.css]
[www.solwaveenterprises.com/index-2.html]
[cdnjs.cloudflare.com/ajax/libs/font-awesome/6.4.2/css/all.min.css]
[cdnjs.cloudflare.com/ajax/libs/OwlCarousel2/2.3.4/assets/owl.carousel.min.css]
[cdnjs.cloudflare.com/ajax/libs/fancybox/3.5.7/jquery.fancybox.min.css]
[www.solwaveenterprises.com/css/bootstrap.min.css]
[www.solwaveenterprises.com/css/slick.css]
[www.solwaveenterprises.com/css/normalize.css]
[www.solwaveenterprises.com/css/initial.css]
[www.solwaveenterprises.com/css/style.css]
[www.solwaveenterprises.com/css/custom.css]
[www.solwaveenterprises.com/css/skins/green.css]
[www.solwaveenterprises.com/css/responsive.css]
[www.solwaveenterprises.com/img/fav/apple-touch-icon.webp]
[www.solwaveenterprises.com/img/fav/favicon-32x32.webp]
[www.solwaveenterprises.com/img/fav/favicon-16x16.webp]
[cdn-icons-png.flaticon.com/512/2462/2462719.png]
[static.vecteezy.com/system/resources/previews/010/195/978/non_2x/real-estate-agent-holding-house-key-to-his-client-after-signing-contract-concept-for-business-loan-investment-mortgage-real-estate-moving-home-or-re]
[www.solwaveenterprises.com/about-us]
[www.solwaveenterprises.com/WhatsApp Image 2025-07-14 at 5.15.45 PM.jpg]
[www.solwaveenterprises.com/thankyou.85.delayed]
[www.solwaveenterprises.com/thankyou1582.asp]
[cdnjs.cloudflare.com/ajax/libs/jquery/3.7.0/jquery.min.js]
[cdnjs.cloudflare.com/ajax/libs/OwlCarousel2/2.3.4/owl.carousel.min.js]
[cdnjs.cloudflare.com/ajax/libs/fancybox/3.5.7/jquery.fancybox.min.js]
[www.solwaveenterprises.com/js/bootstrap.bundle.min.js]
[cdnjs.cloudflare.com/ajax/libs/intl-tel-input/17.0.13/js/intlTelInput-jquery.min.js]
[cdnjs.cloudflare.com/ajax/libs/slick-carousel/1.6.0/slick.min.js]
[www.solwaveenterprises.com/about.html]
[www.solwaveenterprises.com/chakra.html]
[www.solwaveenterprises.com/js/custom.js]
[solstice.us/wp-content/uploads/bg-banner-2-scaled-1.jpg]
[upload.wikimedia.org/wikipedia/commons/thumb/b/b8/2021_Facebook_icon.svg/2048px-2021_Facebook_icon.svg.png]
[upload.wikimedia.org/wikipedia/commons/thumb/a/a5/Instagram_icon.png/600px-Instagram_icon.png]
[www.solwaveenterprises.com/whatsapp (1).png]
[www.solwaveenterprises.com/behra.html]
[www.solwaveenterprises.com/binda.html]
[cdn-icons-png.flaticon.com/512/4712/4712035.png]
[www.solwaveenterprises.com/blogs.html]
[www.solwaveenterprises.com/gallery.html]
[www.solwaveenterprises.com/contact.html]
[cdn.jsdelivr.net/npm/bootstrap@5.3.3/dist/css/bootstrap.min.css]
[www.solwaveenterprises.com/enquiry.html]
[cdn.jsdelivr.net/npm/bootstrap@5.3.3/dist/js/bootstrap.bundle.min.js]
[midwestsolars.com/wp-content/uploads/2021/04/shutterstock_555839968.jpg]
[insolationenergy.in/public/upload/blog/mobilebanner/20240305170303.jpg]
[www.solwaveenterprises.com/WhatsApp Video 2025-07-28 at 1.41.37 PM.mp4]
[www.solwaveenterprises.com/jjm.html]
[www.solwaveenterprises.com/commercial.html]
[cdn.jsdelivr.net/npm/bootstrap@5.3.2/dist/css/bootstrap.min.css]
[cdnjs.cloudflare.com/ajax/libs/font-awesome/6.5.0/css/all.min.css]
[www.solwaveenterprises.com/cdn-cgi/l/email-protection.html]
[www.solwaveenterprises.com/chekra.html]
[www.solwaveenterprises.com/footer-locations-href.html]
[www.solwaveenterprises.com/fonts/vendor/slick-carousel/slick/slick9d00.html]
[www.solwaveenterprises.com/fonts/vendor/slick-carousel/slick/slick3581.html]
[www.solwaveenterprises.com/fonts/vendor/slick-carousel/slick/slick2198.html]
[www.solwaveenterprises.com/fonts/vendor/slick-carousel/slick/slickb1d0.html]
[www.solwaveenterprises.com/fonts/Poppins-ExtraBold7b04.html]
[www.solwaveenterprises.com/fonts/Poppins-Thin8d82.html]
[www.solwaveenterprises.com/fonts/vendor/font-awesome/fontawesome-webfont6565.html]
[www.solwaveenterprises.com/fonts/vendor/font-awesome/fontawesome-webfontba15.html]
[www.solwaveenterprises.com/fonts/vendor/font-awesome/fontawesome-webfont1a32.html]
[www.solwaveenterprises.com/fonts/vendor/font-awesome/fontawesome-webfont7cab.html]
[www.solwaveenterprises.com/fonts/vendor/font-awesome/fontawesome-webfonta45a.html]
[www.solwaveenterprises.com/images/solar-journey-1855c.html]
[www.solwaveenterprises.com/images/solar-journey-2b1ad.html]
[www.solwaveenterprises.com/images/housing-society-banner386a.html]
[www.solwaveenterprises.com/images/housing-quote-bg2271.html]
[www.solwaveenterprises.com/css/bootstrap.min.css]
[cdnjs.cloudflare.com/ajax/libs/font-awesome/6.4.2/css/all.min.css]
[cdnjs.cloudflare.com/ajax/libs/OwlCarousel2/2.3.4/assets/owl.carousel.min.css]
[cdnjs.cloudflare.com/ajax/libs/fancybox/3.5.7/jquery.fancybox.min.css]
[www.solwaveenterprises.com/css/slick.css]
[www.solwaveenterprises.com/css/normalize.css]
[cdnjs.cloudflare.com/ajax/libs/OwlCarousel2/2.3.4/assets/owl.video.play.png]
[www.solwaveenterprises.com/img/banner/banner-1.9b.delayed]
[www.solwaveenterprises.com/img/img-4.jpg]
[www.solwaveenterprises.com/img/img-6.jpg]
[www.solwaveenterprises.com/img/img-2.jpg]
[www.solwaveenterprises.com/img/blog/blog-1.jpg]
[www.solwaveenterprises.com/img/blog/blog-2.jpg]
[www.solwaveenterprises.com/img/blog/blog-3.jpg]
[www.solwaveenterprises.com/img/footer.png]
[www.solwaveenterprises.com/img/foot-png.png]
[www.solwaveenterprises.com/img/img-1.jpg]
[www.solwaveenterprises.com/img/img-3.jpg]
[www.solwaveenterprises.com/img/bg-login.png]
[www.solwaveenterprises.com/img/popular-places/popular-places-1.jpg]
[www.solwaveenterprises.com/img/popular-places/popular-places-2.jpg]
[www.solwaveenterprises.com/img/popular-places/popular-places-3.jpg]
[www.solwaveenterprises.com/img/popular-places/popular-places-5.jpg]
[www.solwaveenterprises.com/img/popular-places/popular-places-4.jpg]
[www.solwaveenterprises.com/img/listings-parallax.jpg]
[www.solwaveenterprises.com/img/banner/img-2.jpg]
[www.solwaveenterprises.com/img/down.png]
[www.solwaveenterprises.com/img/up.png]
[www.solwaveenterprises.com/img/loader.gif]
[www.solwaveenterprises.com/css/style.css]
[www.solwaveenterprises.com/css/initial.css]
[www.solwaveenterprises.com/img/text-removebg-preview.png]
[www.solwaveenterprises.com/img/bg-1.webp]
[www.solwaveenterprises.com/img/icon/sound-pause.png]
[www.solwaveenterprises.com/img/icon/sound-play.png]
[www.solwaveenterprises.com/css/custom.css]
[www.solwaveenterprises.com/img/slider-detail.png]
[www.solwaveenterprises.com/css/skins/green.css]
[www.solwaveenterprises.com/css/responsive.css]
[www.solwaveenterprises.com/img/fav/apple-touch-icon.html]
[www.solwaveenterprises.com/img/fav/favicon-16x16.html]
[www.solwaveenterprises.com/about-us.html]
[www.solwaveenterprises.com/aspcaptcha1d41d.html]
[www.solwaveenterprises.com/thankyou.html]
[www.solwaveenterprises.com/aspcaptcha.html]
[www.solwaveenterprises.com/aspcaptchad41d.html]
[www.solwaveenterprises.com/thankyou1582.html]
[cdn.jsdelivr.net/npm/bootstrap@5.3.3/dist/css/bootstrap.min.css]
[www.solwaveenterprises.com/img/banner/banner-1.html]
[www.solwaveenterprises.com/img/img-4.html]
[www.solwaveenterprises.com/img/img-6.html]
[www.solwaveenterprises.com/img/img-2.html]
[www.solwaveenterprises.com/img/blog/blog-1.html]
[www.solwaveenterprises.com/img/blog/blog-2.html]
[www.solwaveenterprises.com/img/blog/blog-3.html]
[www.solwaveenterprises.com/img/footer.html]
[www.solwaveenterprises.com/img/img-1.html]
[www.solwaveenterprises.com/img/img-3.html]
[www.solwaveenterprises.com/img/bg-login.html]
[www.solwaveenterprises.com/img/popular-places/popular-places-1.html]
[www.solwaveenterprises.com/img/popular-places/popular-places-2.html]
[www.solwaveenterprises.com/img/popular-places/popular-places-3.html]
[www.solwaveenterprises.com/img/popular-places/popular-places-5.html]
[www.solwaveenterprises.com/img/popular-places/popular-places-4.html]
[www.solwaveenterprises.com/img/listings-parallax.html]
[www.solwaveenterprises.com/img/banner/img-2.html]
[www.solwaveenterprises.com/img/down.html]
[www.solwaveenterprises.com/img/up.html]
[www.solwaveenterprises.com/img/loader.html]
[www.solwaveenterprises.com/img/icon/sound-pause.html]
[www.solwaveenterprises.com/img/icon/sound-play.html]
[www.solwaveenterprises.com/img/slider-detail.html]
